// Jest Snapshot v1, https://goo.gl/fbAQLP

exports[`render renders correctly 1`] = `
<StyledHeaderComponent>
  <StyledLeft />
  <StyledH1>
    Funny Farm
  </StyledH1>
  <StyledRight>
    <StyledMusicIcon
      isMusicOn={true}
      onClick={[Function]}
    />
  </StyledRight>
</StyledHeaderComponent>
`;
