// Jest Snapshot v1, https://goo.gl/fbAQLP

exports[`render renders correctly 1`] = `
<StyledContentComponent>
  <Connect(Component) />
  <Connect(Component) />
  <StyledAnimals>
    <StyledRow
      top={true}
    >
      <Connect(Component) />
      <Connect(Component) />
      <Connect(Component) />
    </StyledRow>
    <StyledRow>
      <Connect(Component) />
      <Connect(Component) />
      <Connect(Component) />
    </StyledRow>
  </StyledAnimals>
</StyledContentComponent>
`;
