// Jest Snapshot v1, https://goo.gl/fbAQLP

exports[`render renders correctly 1`] = `
<StyledContentComponent>
  <Connect(HeaderComponent) />
  <Connect(KindOfAnimalComponent) />
  <StyledAnimals>
    <StyledRow
      top={true}
    >
      <Connect(DuckComponent) />
      <Connect(DogComponent) />
      <Connect(RoosterComponent) />
    </StyledRow>
    <StyledRow>
      <Connect(CowComponent) />
      <Connect(SheepComponent) />
      <Connect(CatComponent) />
    </StyledRow>
  </StyledAnimals>
</StyledContentComponent>
`;
